// Jest Snapshot v1, https://goo.gl/fbAQLP

exports[`Check box check snapshot 1`] = `
<div
  className="checkboxContainer"
>
  <label
    className="container"
  >
    <input
      type="checkbox"
    />
    <span
      className="checkmark"
    />
  </label>
</div>
`;
