// Jest Snapshot v1, https://goo.gl/fbAQLP

exports[`Search Body renders component 1`] = `<div />`;
